// Jest Snapshot v1, https://goo.gl/fbAQLP

exports[`<App/> spanshot matches 1`] = `
<HashRouter>
  <Navbar />
  <Switch>
    <Route
      exact={true}
      path="/"
    >
      <Home />
    </Route>
    <Route
      path="/JavaScriptQuiz"
    >
      <JavaScriptQuiz />
    </Route>
    <Route
      path="/ReactQuiz"
    >
      <ReactQuiz />
    </Route>
    <Route
      path="/CSSQuiz"
    >
      <CSSQuiz />
    </Route>
    <Redirect
      to="/"
    />
  </Switch>
</HashRouter>
`;
