// Jest Snapshot v1, https://goo.gl/fbAQLP

exports[`<Home/> spanshot matches 1`] = `
<h1
  className="Loading"
>
  loading...
</h1>
`;
