// Jest Snapshot v1, https://goo.gl/fbAQLP

exports[`<Title/> spanshot matches 1`] = `
<h1
  className="Title"
>
  <Component />
</h1>
`;
